nohup: ignoring input
start Sun Sep 20 02:08:34 CEST 2026
15 runs, ~45 min estimated. Tag: sweep-20260920-0208

=== safe_goal_point @ 2048 envs  (8 epochs, log: sweep_safe_goal_point_2048.log)
    SPS 130,165  (IQR 16,271)  peak mem 1.1 GiB  wall 179s

=== safe_goal_point @ 4096 envs  (8 epochs, log: sweep_safe_goal_point_4096.log)
    SPS 200,713  (IQR 19,487)  peak mem 1.3 GiB  wall 158s

=== safe_goal_point @ 8192 envs  (8 epochs, log: sweep_safe_goal_point_8192.log)
    SPS 242,917  (IQR 7,743)  peak mem 1.7 GiB  wall 154s

=== safe_goal_point @ 16384 envs  (8 epochs, log: sweep_safe_goal_point_16384.log)
    SPS 232,014  (IQR 4,875)  peak mem 2.8 GiB  wall 184s

=== safe_goal_point @ 32768 envs  (8 epochs, log: sweep_safe_goal_point_32768.log)
    SPS 203,051  (IQR 3,370)  peak mem 4.2 GiB  wall 171s

=== safe_velocity_ant @ 2048 envs  (8 epochs, log: sweep_safe_velocity_ant_2048.log)
Traceback (most recent call last):
  File "/home/seppe/tue/graduation/CRAX/scripts/sweep_num_envs.py", line 144, in <module>
    sys.exit(main())
             ~~~~^^
  File "/home/seppe/tue/graduation/CRAX/scripts/sweep_num_envs.py", line 138, in main
    results.append(run_one(env_name, num_envs, args.epochs, tag, log_dir))
                   ~~~~~~~^^^^^^^^^^^^^^^^^^^^^^^^^^^^^^^^^^^^^^^^^^^^^^^
  File "/home/seppe/tue/graduation/CRAX/scripts/sweep_num_envs.py", line 90, in run_one
    print(f"    SPS {result['sps_median']:,.0f}  (IQR {result['sps_iqr'] or 0:,.0f})  "
                    ^^^^^^^^^^^^^^^^^^^^^^^^^^^
TypeError: unsupported format string passed to NoneType.__format__
sweep exit=1 Sun Sep 20 02:24:15 CEST 2026
sweep FAILED; not shutting down. See runs/logs/
